
> broxi-agency@0.1.0 build
> next build

  Γû▓ Next.js 14.2.33
  - Environments: .env.local

   Creating an optimized production build ...
[baseline-browser-mapping] The data in this module is over two months old.  To ensure accurate Baseline data, please update: `npm i baseline-browser-mapping@latest -D`
 Γ£ô Compiled successfully
   Linting and checking validity of types ...
 Γ¿» ESLint must be installed in order to run during builds: npm install --save-dev eslint
   Collecting page data ...
   Generating static pages (0/4) ...
   Generating static pages (1/4) 
   Generating static pages (2/4) 
   Generating static pages (3/4) 
 Γ£ô Generating static pages (4/4)
   Finalizing page optimization ...
   Collecting build traces ...

Route (app)                              Size     First Load JS
Γöî Γùï /_not-found                          873 B          88.1 kB
Γö£ ╞Æ /[lang]                              16.9 kB         160 kB
Γö£ ╞Æ /[lang]/about                        5.48 kB         149 kB
Γö£ ╞Æ /[lang]/conditions-generales         200 B           144 kB
Γö£ ╞Æ /[lang]/contact                      1.76 kB         145 kB
Γö£ ╞Æ /[lang]/mentions-legales             200 B           144 kB
Γö£ ╞Æ /[lang]/offres                       3.16 kB         147 kB
Γö£ ╞Æ /[lang]/politique-confidentialite    200 B           144 kB
Γö£ ╞Æ /[lang]/politique-cookies            200 B           144 kB
Γö£ ΓùÅ /[lang]/project/[slug]               1.57 kB         145 kB
Γö£ ╞Æ /[lang]/services                     2.08 kB         146 kB
Γöö ╞Æ /api/contact                         0 B                0 B
+ First Load JS shared by all            87.2 kB
  Γö£ chunks/117-8c3a2d9831cf998a.js       31.7 kB
  Γö£ chunks/fd9d1056-6922f449a204c2cc.js  53.6 kB
  Γöö other shared chunks (total)          1.89 kB


╞Æ Middleware                             26.6 kB

Γùï  (Static)   prerendered as static content
ΓùÅ  (SSG)      prerendered as static HTML (uses getStaticProps)
╞Æ  (Dynamic)  server-rendered on demand

